---
source: crates/iam-graph/tests/json_schema_tests.rs
expression: value
---
{
  "arn": "arn:aws:iam::123456789012:user/Attacker",
  "name": "Attacker",
  "entity_type": "User",
  "account_id": "123456789012",
  "risky_actions": [
    "sts:AssumeRole"
  ],
  "path": [
    {
      "arn": "arn:aws:iam::210987654321:role/Victim",
      "entity_type": "Role",
      "account_id": "210987654321",
      "snapshot_id": "20260101T000000Z"
    }
  ],
  "conditional": true,
  "holders": [
    {
      "arn": "arn:aws:iam::210987654321:user/Member",
      "name": "Member",
      "entity_type": "User"
    }
  ],
  "instance_profiles": [],
  "trust_principals": []
}
